_start 23
_start;quicksort 481
_start;quicksort;quicksort 582
_start;quicksort;quicksort;quicksort 361
_start;quicksort;quicksort;quicksort;quicksort 301
_start;quicksort;quicksort;quicksort;quicksort;quicksort 187
_start;quicksort;quicksort;quicksort;quicksort;quicksort;quicksort 93
_start;quicksort;quicksort;quicksort;quicksort;quicksort;quicksort;quicksort 12
_start;sys_write0 3
