_start 23
_start;quicksort 481
_start;quicksort;quicksort 340
_start;quicksort;quicksort;quicksort 347
_start;quicksort;quicksort;quicksort;quicksort 382
_start;quicksort;quicksort;quicksort;quicksort;quicksort 253
_start;quicksort;quicksort;quicksort;quicksort;quicksort;quicksort 165
_start;quicksort;quicksort;quicksort;quicksort;quicksort;quicksort;quicksort 49
_start;sys_write0 3
