0x8000 23
0x8000;quicksort 481
0x8000;quicksort;quicksort 340
0x8000;quicksort;quicksort;quicksort 347
0x8000;quicksort;quicksort;quicksort;quicksort 382
0x8000;quicksort;quicksort;quicksort;quicksort;quicksort 253
0x8000;quicksort;quicksort;quicksort;quicksort;quicksort;quicksort 165
0x8000;quicksort;quicksort;quicksort;quicksort;quicksort;quicksort;quicksort 49
0x8000;sys_write0 3
