0 ps E 000000e0 00000001 CoreEvent_RESET
0 ps R r13_main ea000034
0 ps R cpsr 01000000
0 ps R MSP ea000034
1000000 ps IT (1) 000000e0 1000 T thread : ASRS     r0,r0,#32
1000000 ps R r0 00000000
1000000 ps R cpsr 41000000
2000000 ps IT (2) 000000e2 e300 T thread : B        {pc}+0x604 ; 0x6e6
3000000 ps IT (3) 000006e6 cfdf T thread : LDM      r7,{r0-r4,r6,r7}
3000000 ps MR4 00000000 ea000036
3000000 ps MR4 00000004 ea00004f
3000000 ps MR4 00000008 ea00004e
3000000 ps MR4 0000000c ea00004d
3000000 ps MR4 00000010 ea00004c
3000000 ps MR4 00000014 ea00004c
3000000 ps MR4 00000018 ea00004b
3000000 ps R r0 ea000036
3000000 ps R r1 ea00004f
3000000 ps R r2 ea00004e
3000000 ps R r3 ea00004d
3000000 ps R r4 ea00004c
3000000 ps R r6 ea00004c
3000000 ps R r7 ea00004b
4000000 ps IT (4) 000006e8 dfcf T thread : SVC      #0xcf
4000000 ps E 00000000 handler 00000019 CoreEvent_ModeChange
4000000 ps MW4 ea00002c 41000200
4000000 ps MW4 ea000028 000006ea
4000000 ps MW4 ea000024 00000000
4000000 ps MW4 ea000020 00000000
4000000 ps MW4 ea00001c ea00004d
4000000 ps MW4 ea000018 ea00004e
4000000 ps MW4 ea000014 ea00004f
4000000 ps MW4 ea000010 ea000036
4000000 ps INFO_EXCEPTION_REASON: PHASE=ACTIVATE REASONS=UNSPECIFIED PC=0x000006ea VECTOR=SVCALL FaultCause=NO_FSR_BIT
4000000 ps E 000006ea 0000000b CoreEvent_SVCALL
4000000 ps R r14 fffffff9
4000000 ps R r13_main ea000010
4000000 ps R cpsr 4000000b
4000000 ps R MSP ea000010
4000000 ps R CONTROL 00000000
4000000 ps R ICSR 0000000b
4000000 ps INFO_EXCEPTION_REASON: PHASE=RAISE REASONS=UNSPECIFIED PC=0xeee80a10 VECTOR=MEMMANAGE FaultCause=MPU or Execute Never (XN) memory map access violation on an instruction fetch
4000000 ps INFO_EXCEPTION_REASON: PHASE=ESCALATING REASONS=FAULT_NOT_IN_ARCH PC=0xeee80a10 VECTOR=MEMMANAGE FaultCause=NO_FSR_BIT
4000000 ps INFO_EXCEPTION_REASON: PHASE=ESCALATED REASONS=FAULT_NOT_IN_ARCH PC=0xeee80a10 VECTOR=HARDFAULT FaultCause=Fault has been escalated to a HardFault exception
4000000 ps MW4 ea00000c 4000000b
4000000 ps MW4 ea000008 eee80a10
4000000 ps MW4 ea000004 fffffff9
4000000 ps MW4 ea000000 00000000
4000000 ps MW4 e9fffffc ea00004d
4000000 ps MW4 e9fffff8 ea00004e
4000000 ps MW4 e9fffff4 ea00004f
4000000 ps MW4 e9fffff0 ea000036
4000000 ps INFO_EXCEPTION_REASON: PHASE=ACTIVATE REASONS=UNSPECIFIED PC=0xeee80a10 VECTOR=HARDFAULT FaultCause=NO_FSR_BIT
4000000 ps E eee80a10 00000003 CoreEvent_HARDFAULT
4000000 ps R r14 fffffff1
4000000 ps R r13_main e9fffff0
4000000 ps R cpsr 41000003
4000000 ps R MSP e9fffff0
4000000 ps R CONTROL 00000000
4000000 ps R ICSR 00000003
4000000 ps E 00000000 lockup 00000019 CoreEvent_ModeChange
4000000 ps R DHCSR 03090000
4000000 ps INFO_EXCEPTION_REASON: PHASE=RAISE REASONS=UNSPECIFIED PC=0xea00004c VECTOR=MEMMANAGE FaultCause=MPU or Execute Never (XN) memory map access violation on an instruction fetch
4000000 ps INFO_EXCEPTION_REASON: PHASE=ESCALATING REASONS=FAULT_NOT_IN_ARCH PC=0xea00004c VECTOR=MEMMANAGE FaultCause=NO_FSR_BIT
4000000 ps INFO_EXCEPTION_REASON: PHASE=ESCALATED REASONS=FAULT_NOT_IN_ARCH PC=0xea00004c VECTOR=HARDFAULT FaultCause=Fault has been escalated to a HardFault exception
4000000 ps INFO_EXCEPTION_REASON: PHASE=RAISE REASONS=UNSPECIFIED PC=0xfffffffe VECTOR=MEMMANAGE FaultCause=MPU or Execute Never (XN) memory map access violation on an instruction fetch
4000000 ps INFO_EXCEPTION_REASON: PHASE=ESCALATING REASONS=FAULT_NOT_IN_ARCH PC=0xfffffffe VECTOR=MEMMANAGE FaultCause=NO_FSR_BIT
4000000 ps INFO_EXCEPTION_REASON: PHASE=ESCALATED REASONS=FAULT_NOT_IN_ARCH PC=0xfffffffe VECTOR=HARDFAULT FaultCause=Fault has been escalated to a HardFault exception
4000000 ps INFO_EXCEPTION_REASON: PHASE=RAISE REASONS=UNSPECIFIED PC=0xfffffffe VECTOR=MEMMANAGE FaultCause=MPU or Execute Never (XN) memory map access violation on an instruction fetch
4000000 ps INFO_EXCEPTION_REASON: PHASE=ESCALATING REASONS=FAULT_NOT_IN_ARCH PC=0xfffffffe VECTOR=MEMMANAGE FaultCause=NO_FSR_BIT
4000000 ps INFO_EXCEPTION_REASON: PHASE=ESCALATED REASONS=FAULT_NOT_IN_ARCH PC=0xfffffffe VECTOR=HARDFAULT FaultCause=Fault has been escalated to a HardFault exception
4000000 ps INFO_EXCEPTION_REASON: PHASE=RAISE REASONS=UNSPECIFIED PC=0xfffffffe VECTOR=MEMMANAGE FaultCause=MPU or Execute Never (XN) memory map access violation on an instruction fetch
4000000 ps INFO_EXCEPTION_REASON: PHASE=ESCALATING REASONS=FAULT_NOT_IN_ARCH PC=0xfffffffe VECTOR=MEMMANAGE FaultCause=NO_FSR_BIT
4000000 ps INFO_EXCEPTION_REASON: PHASE=ESCALATED REASONS=FAULT_NOT_IN_ARCH PC=0xfffffffe VECTOR=HARDFAULT FaultCause=Fault has been escalated to a HardFault exception
4000000 ps INFO_EXCEPTION_REASON: PHASE=RAISE REASONS=UNSPECIFIED PC=0xfffffffe VECTOR=MEMMANAGE FaultCause=MPU or Execute Never (XN) memory map access violation on an instruction fetch
4000000 ps INFO_EXCEPTION_REASON: PHASE=ESCALATING REASONS=FAULT_NOT_IN_ARCH PC=0xfffffffe VECTOR=MEMMANAGE FaultCause=NO_FSR_BIT
4000000 ps INFO_EXCEPTION_REASON: PHASE=ESCALATED REASONS=FAULT_NOT_IN_ARCH PC=0xfffffffe VECTOR=HARDFAULT FaultCause=Fault has been escalated to a HardFault exception
4000000 ps INFO_EXCEPTION_REASON: PHASE=RAISE REASONS=UNSPECIFIED PC=0xfffffffe VECTOR=MEMMANAGE FaultCause=MPU or Execute Never (XN) memory map access violation on an instruction fetch
4000000 ps INFO_EXCEPTION_REASON: PHASE=ESCALATING REASONS=FAULT_NOT_IN_ARCH PC=0xfffffffe VECTOR=MEMMANAGE FaultCause=NO_FSR_BIT
4000000 ps INFO_EXCEPTION_REASON: PHASE=ESCALATED REASONS=FAULT_NOT_IN_ARCH PC=0xfffffffe VECTOR=HARDFAULT FaultCause=Fault has been escalated to a HardFault exception
4000000 ps INFO_EXCEPTION_REASON: PHASE=RAISE REASONS=UNSPECIFIED PC=0xfffffffe VECTOR=MEMMANAGE FaultCause=MPU or Execute Never (XN) memory map access violation on an instruction fetch
4000000 ps INFO_EXCEPTION_REASON: PHASE=ESCALATING REASONS=FAULT_NOT_IN_ARCH PC=0xfffffffe VECTOR=MEMMANAGE FaultCause=NO_FSR_BIT
4000000 ps INFO_EXCEPTION_REASON: PHASE=ESCALATED REASONS=FAULT_NOT_IN_ARCH PC=0xfffffffe VECTOR=HARDFAULT FaultCause=Fault has been escalated to a HardFault exception
